// Jest Snapshot v1, https://goo.gl/fbAQLP

exports[`ListItemForm.tsx renders the component successfully 1`] = `
<form
  class="todo-creation-form"
  name="Add a new list item form"
>
  <fieldset
    class="fieldset"
  >
    <label
      for="title"
    >
      Title:
    </label>
    <input
      class="input-field"
      id="title"
      name="title"
      value="MOCK_STRING"
    />
    
  </fieldset>
  <fieldset
    class="fieldset"
  >
    <label
      for="description"
    >
      Description:
    </label>
    <textarea
      class="input-field"
      id="description"
      name="description"
      placeholder="Please enter a description here"
    >
      MOCK_STRING
    </textarea>
    
  </fieldset>
  <button>
    SUBMIT
  </button>
</form>
`;
