// Jest Snapshot v1, https://goo.gl/fbAQLP

exports[`renders App 1`] = `
<body>
  <div>
    <div
      class="App"
    >
      <nav
        class="horizontal-navbar"
      >
        <ul
          class="horizontal-navbar-list"
        >
          <li>
            <a
              href="/"
            >
               
              Home
            </a>
          </li>
          <li>
            <a
              href="/todo"
            >
               
              Lists
            </a>
          </li>
          <li>
            <a
              href="/todo/create"
            >
               
              New List Item
            </a>
          </li>
          <li>
            <a
              href="/stats"
            >
               
              Stats
            </a>
          </li>
        </ul>
      </nav>
      <div
        class="page-container"
      >
        <form
          class="todo-creation-form"
          name="Add a new list item form"
        >
          <fieldset
            class="fieldset"
          >
            <label
              for="title"
            >
              Title:
            </label>
            <input
              class="input-field"
              id="title"
              name="title"
              value=""
            />
            
          </fieldset>
          <fieldset
            class="fieldset"
          >
            <label
              for="description"
            >
              Description:
            </label>
            <textarea
              class="input-field"
              id="description"
              name="description"
              placeholder="Please enter a description here"
            />
            
          </fieldset>
          <button>
            SUBMIT
          </button>
        </form>
      </div>
    </div>
  </div>
</body>
`;
